// Jest Snapshot v1, https://goo.gl/fbAQLP

exports[`<App /> should render and match the snapshot 1`] = `
<BrowserRouter>
  <Helmet
    defer={true}
    encodeSpecialCharacters={true}
    htmlAttributes={
      Object {
        "lang": undefined,
      }
    }
    titleTemplate="%s"
  >
    <meta
      content="A RevApp application for nursing board examineers students"
      name="description"
    />
    <link
      href="https://fonts.googleapis.com/css2?family=Montserrat:wght@100;200;300;400;500;600;700;800;900&display=swap"
      rel="stylesheet"
    />
    <link
      href="https://fonts.googleapis.com/css2?family=Quicksand:wght@300;400;500;600;700&display=swap"
      rel="stylesheet"
    />
  </Helmet>
  <Switch>
    <PublicRoute
      component={[Function]}
      exact={true}
      noAuthOnly={true}
      path="/"
    />
    <PublicRoute
      component={[Function]}
      exact={true}
      noAuthOnly={true}
      path="/login"
    />
    <PublicRoute
      component={[Function]}
      exact={true}
      noAuthOnly={true}
      path="/forgot-password"
    />
    <PublicRoute
      component={[Function]}
      exact={true}
      noAuthOnly={true}
      path="/reset-password"
    />
    <PublicRoute
      component={[Function]}
      exact={true}
      noAuthOnly={true}
      path="/signup"
    />
    <PublicRoute
      component={[Function]}
      exact={true}
      noAuthOnly={true}
      path="/verify-email"
    />
    <PublicRoute
      component={[Function]}
      exact={true}
      noAuthOnly={true}
      path="/account-activated"
    />
    <PublicRoute
      component={[Function]}
      exact={true}
      noAuthOnly={true}
      path="/free-code"
    />
    <PublicRoute
      component={[Function]}
      exact={true}
      noAuthOnly={true}
      path="/enter-code"
    />
    <PublicRoute
      component={[Function]}
      exact={true}
      noAuthOnly={true}
      path="/questions"
    />
    <PublicRoute
      component={[Function]}
      exact={true}
      noAuthOnly={true}
      path="/storybook"
    />
    <PrivateRoute
      component={[Function]}
      path="/"
    />
    <Route
      component={[Function]}
      path="/admin"
    />
    <Route
      component={[Function]}
    />
  </Switch>
  <Memo(GlobalStyleComponent) />
</BrowserRouter>
`;
